  console.log
    [dotenv@17.2.3] injecting env (0) from .env -- tip: ΓÜÖ∩╕Å  enable debug logging with { debug: true }

      at _log (node_modules/dotenv/lib/main.js:142:11)

node.exe : FAIL tests/integra
tion/auth.test.js
At line:1 char:1
+ & "C:\Program 
Files\nodejs/node.exe" 
"C:\Program 
Files\nodejs/node_mo ...
+ ~~~~~~~~~~~~~~~~~~~~~~~~~~~
~~~~~~~~~~~~~~~~~~~~~~~~~~~~~
~~~~~~~~~~~~~
    + CategoryInfo           
   : NotSpecified: (FAIL te  
  sts/integration/auth.tes   
 t.js:String) [], RemoteE    
xception
    + FullyQualifiedErrorId  
   : NativeCommandError
 
  Auth Integration Tests
    POST /api/v1/auth/login
      ΓêÜ should return 401 
for invalid credentials (49 
ms)
      ├ù should return 200 
and tokens for a low-risk 
login (15 ms)
      ├ù should return 
mfaRequired: true for a 
medium-risk login (5 ms)
      ├ù should return 403 
for a high-risk login (5 ms)

  ΓùÅ Auth Integration Tests 
ΓÇ║ POST /api/v1/auth/login 
ΓÇ║ should return 200 and 
tokens for a low-risk login

    expect(received).toBe(exp
ected) // Object.is equality

    Expected: 200
    Received: 500

    [0m [90m 64 |[39m     
            
[33m.[39msend({ 
email[33m:[39m [32m'test@t
est.com'[39m[33m,[39m 
password[33m:[39m 
[32m'password123'[39m 
})[33m;[39m
     [90m 65 |[39m
    
[31m[1m>[22m[39m[90m 66 
|[39m             expect(res
ponse[33m.[39mstatus)[33m.
[39mtoBe([35m200[39m)[33m
;[39m
     [90m    |[39m         
                            
[31m[1m^[22m[39m
     [90m 67 |[39m         
    expect(response[33m.[39
mbody[33m.[39msuccess)[33m
.[39mtoBe([36mtrue[39m)[3
3m;[39m
     [90m 68 |[39m         
    expect(response[33m.[39
mbody[33m.[39mdata[33m.[3
9mtoken)[33m.[39mtoBeDefine
d()[33m;[39m
     [90m 69 |[39m         
    expect(response[33m.[39
mheader[[32m'set-cookie'[39
m])[33m.[39mtoBeDefined()[
33m;[39m[0m

      at Object.toBe (tests/i
ntegration/auth.test.js:66:37
)

  ΓùÅ Auth Integration Tests 
ΓÇ║ POST /api/v1/auth/login 
ΓÇ║ should return 
mfaRequired: true for a 
medium-risk login

    expect(received).toBe(exp
ected) // Object.is equality

    Expected: 200
    Received: 500

    [0m [90m 90 |[39m     
            
[33m.[39msend({ 
email[33m:[39m [32m'test@t
est.com'[39m[33m,[39m 
password[33m:[39m 
[32m'password123'[39m 
})[33m;[39m
     [90m 91 |[39m
    
[31m[1m>[22m[39m[90m 92 
|[39m             expect(res
ponse[33m.[39mstatus)[33m.
[39mtoBe([35m200[39m)[33m
;[39m
     [90m    |[39m         
                            
[31m[1m^[22m[39m
     [90m 93 |[39m         
    expect(response[33m.[39
mbody[33m.[39mmfaRequired)
[33m.[39mtoBe([36mtrue[39m
)[33m;[39m
     [90m 94 |[39m         
    expect(response[33m.[39
mbody[33m.[39mriskLevel)[3
3m.[39mtoBe([32m'MEDIUM'[3
9m)[33m;[39m
     [90m 95 |[39m         
})[33m;[39m[0m

      at Object.toBe (tests/i
ntegration/auth.test.js:92:37
)

  ΓùÅ Auth Integration Tests 
ΓÇ║ POST /api/v1/auth/login 
ΓÇ║ should return 403 for a 
high-risk login

    expect(received).toBe(exp
ected) // Object.is equality

    Expected: 403
    Received: 500

    [0m [90m 114 |[39m    
             
[33m.[39msend({ 
email[33m:[39m [32m'test@t
est.com'[39m[33m,[39m 
password[33m:[39m 
[32m'password123'[39m 
})[33m;[39m
     [90m 115 |[39m
    
[31m[1m>[22m[39m[90m 
116 |[39m             expect
(response[33m.[39mstatus)[
33m.[39mtoBe([35m403[39m)
[33m;[39m
     [90m     |[39m        
                             
[31m[1m^[22m[39m
     [90m 117 |[39m        
     expect(response[33m.[3
9mbody[33m.[39msuccess)[33
m.[39mtoBe([36mfalse[39m)
[33m;[39m
     [90m 118 |[39m        
     expect(response[33m.[3
9mbody[33m.[39mriskLevel)[
33m.[39mtoBe([32m'HIGH'[39
m)[33m;[39m
     [90m 119 |[39m        
 })[33m;[39m[0m

      at Object.toBe (tests/i
ntegration/auth.test.js:116:3
7)

Test Suites: 1 failed, 1 
total
Tests:       3 failed, 1 
passed, 4 total
Snapshots:   0 total
Time:        1.861 s, 
estimated 2 s
Ran all test suites matching 
tests/integration/auth.test.j
s.
